// Jest Snapshot v1, https://goo.gl/fbAQLP

exports[`Center 1`] = `
<div
  className="Center__CenterDiv-sc-rjeqkd-0 RSocn"
/>
`;
