// Jest Snapshot v1, https://goo.gl/fbAQLP

exports[`molecule/Summary/WorkTime molecule/Summary/WorkTime-snapshot 1`] = `
<WorkTime
  imageUrl="imageUrl.jpg"
  month="11"
  name="neko"
  time={25.5}
>
  <SummaryBase>
    <Heading
      icon={
        <Memo
          style={
            Object {
              "color": "#444",
            }
          }
        />
      }
      type="sub"
      underline={true}
    >
      <Heading__Container
        onClick={[Function]}
      >
        <div
          className="Heading__Container-sc-rckheo-0 bXDSND"
          onClick={[Function]}
        >
          <ForwardRef(TodayIcon)
            style={
              Object {
                "color": "#444",
              }
            }
          >
            <WithStyles(ForwardRef(SvgIcon))
              style={
                Object {
                  "color": "#444",
                }
              }
            >
              <ForwardRef(SvgIcon)
                classes={
                  Object {
                    "colorAction": "MuiSvgIcon-colorAction",
                    "colorDisabled": "MuiSvgIcon-colorDisabled",
                    "colorError": "MuiSvgIcon-colorError",
                    "colorPrimary": "MuiSvgIcon-colorPrimary",
                    "colorSecondary": "MuiSvgIcon-colorSecondary",
                    "fontSizeInherit": "MuiSvgIcon-fontSizeInherit",
                    "fontSizeLarge": "MuiSvgIcon-fontSizeLarge",
                    "fontSizeSmall": "MuiSvgIcon-fontSizeSmall",
                    "root": "MuiSvgIcon-root",
                  }
                }
                style={
                  Object {
                    "color": "#444",
                  }
                }
              >
                <svg
                  aria-hidden={true}
                  className="MuiSvgIcon-root"
                  focusable="false"
                  style={
                    Object {
                      "color": "#444",
                    }
                  }
                  viewBox="0 0 24 24"
                >
                  <path
                    d="M19 3h-1V1h-2v2H8V1H6v2H5c-1.11 0-1.99.9-1.99 2L3 19c0 1.1.89 2 2 2h14c1.1 0 2-.9 2-2V5c0-1.1-.9-2-2-2zm0 16H5V8h14v11zM7 10h5v5H7z"
                  />
                </svg>
              </ForwardRef(SvgIcon)>
            </WithStyles(ForwardRef(SvgIcon))>
          </ForwardRef(TodayIcon)>
          <Heading__Header>
            <div
              className="Heading__Header-sc-rckheo-1 hqhBgV"
            >
              <Heading__HeaderWrapper>
                <div
                  className="Heading__HeaderWrapper-sc-rckheo-2 eZZEfS"
                >
                  <Heading__sub
                    variant="h2"
                  >
                    <WithStyles(ForwardRef(Typography))
                      className="Heading__sub-sc-rckheo-4 dvGqje"
                      variant="h2"
                    >
                      <ForwardRef(Typography)
                        className="Heading__sub-sc-rckheo-4 dvGqje"
                        classes={
                          Object {
                            "alignCenter": "MuiTypography-alignCenter",
                            "alignJustify": "MuiTypography-alignJustify",
                            "alignLeft": "MuiTypography-alignLeft",
                            "alignRight": "MuiTypography-alignRight",
                            "body1": "MuiTypography-body1",
                            "body2": "MuiTypography-body2",
                            "button": "MuiTypography-button",
                            "caption": "MuiTypography-caption",
                            "colorError": "MuiTypography-colorError",
                            "colorInherit": "MuiTypography-colorInherit",
                            "colorPrimary": "MuiTypography-colorPrimary",
                            "colorSecondary": "MuiTypography-colorSecondary",
                            "colorTextPrimary": "MuiTypography-colorTextPrimary",
                            "colorTextSecondary": "MuiTypography-colorTextSecondary",
                            "displayBlock": "MuiTypography-displayBlock",
                            "displayInline": "MuiTypography-displayInline",
                            "gutterBottom": "MuiTypography-gutterBottom",
                            "h1": "MuiTypography-h1",
                            "h2": "MuiTypography-h2",
                            "h3": "MuiTypography-h3",
                            "h4": "MuiTypography-h4",
                            "h5": "MuiTypography-h5",
                            "h6": "MuiTypography-h6",
                            "noWrap": "MuiTypography-noWrap",
                            "overline": "MuiTypography-overline",
                            "paragraph": "MuiTypography-paragraph",
                            "root": "MuiTypography-root",
                            "srOnly": "MuiTypography-srOnly",
                            "subtitle1": "MuiTypography-subtitle1",
                            "subtitle2": "MuiTypography-subtitle2",
                          }
                        }
                        variant="h2"
                      >
                        <h2
                          className="MuiTypography-root Heading__sub-sc-rckheo-4 dvGqje MuiTypography-h2"
                        >
                          11月の勤務状況
                        </h2>
                      </ForwardRef(Typography)>
                    </WithStyles(ForwardRef(Typography))>
                  </Heading__sub>
                </div>
              </Heading__HeaderWrapper>
              <div>
                <Heading__sub>
                  <div
                    className="Heading__sub-sc-rckheo-6 iLukkP"
                  />
                </Heading__sub>
              </div>
            </div>
          </Heading__Header>
        </div>
      </Heading__Container>
    </Heading>
    <SummaryBase__BodyWrapper>
      <div
        className="SummaryBase__BodyWrapper-sc-1cf03ap-0 eenhen"
      >
        <WorkTime__InformationWrapper>
          <div
            className="WorkTime__InformationWrapper-sc-dl83rl-0 bNiIZp"
          >
            <Avatar
              alt="neko"
              url="imageUrl.jpg"
            >
              <WithStyles(ForwardRef(Avatar))
                alt="neko"
                src="imageUrl.jpg"
                style={
                  Object {
                    "height": 36,
                    "width": 36,
                  }
                }
              >
                <ForwardRef(Avatar)
                  alt="neko"
                  classes={
                    Object {
                      "circle": "MuiAvatar-circle",
                      "circular": "MuiAvatar-circular",
                      "colorDefault": "MuiAvatar-colorDefault",
                      "fallback": "MuiAvatar-fallback",
                      "img": "MuiAvatar-img",
                      "root": "MuiAvatar-root",
                      "rounded": "MuiAvatar-rounded",
                      "square": "MuiAvatar-square",
                    }
                  }
                  src="imageUrl.jpg"
                  style={
                    Object {
                      "height": 36,
                      "width": 36,
                    }
                  }
                >
                  <div
                    className="MuiAvatar-root MuiAvatar-circular"
                    style={
                      Object {
                        "height": 36,
                        "width": 36,
                      }
                    }
                  >
                    <img
                      alt="neko"
                      className="MuiAvatar-img"
                      src="imageUrl.jpg"
                    />
                  </div>
                </ForwardRef(Avatar)>
              </WithStyles(ForwardRef(Avatar))>
            </Avatar>
            <WithStyles(ForwardRef(Typography))
              variant="body1"
            >
              <ForwardRef(Typography)
                classes={
                  Object {
                    "alignCenter": "MuiTypography-alignCenter",
                    "alignJustify": "MuiTypography-alignJustify",
                    "alignLeft": "MuiTypography-alignLeft",
                    "alignRight": "MuiTypography-alignRight",
                    "body1": "MuiTypography-body1",
                    "body2": "MuiTypography-body2",
                    "button": "MuiTypography-button",
                    "caption": "MuiTypography-caption",
                    "colorError": "MuiTypography-colorError",
                    "colorInherit": "MuiTypography-colorInherit",
                    "colorPrimary": "MuiTypography-colorPrimary",
                    "colorSecondary": "MuiTypography-colorSecondary",
                    "colorTextPrimary": "MuiTypography-colorTextPrimary",
                    "colorTextSecondary": "MuiTypography-colorTextSecondary",
                    "displayBlock": "MuiTypography-displayBlock",
                    "displayInline": "MuiTypography-displayInline",
                    "gutterBottom": "MuiTypography-gutterBottom",
                    "h1": "MuiTypography-h1",
                    "h2": "MuiTypography-h2",
                    "h3": "MuiTypography-h3",
                    "h4": "MuiTypography-h4",
                    "h5": "MuiTypography-h5",
                    "h6": "MuiTypography-h6",
                    "noWrap": "MuiTypography-noWrap",
                    "overline": "MuiTypography-overline",
                    "paragraph": "MuiTypography-paragraph",
                    "root": "MuiTypography-root",
                    "srOnly": "MuiTypography-srOnly",
                    "subtitle1": "MuiTypography-subtitle1",
                    "subtitle2": "MuiTypography-subtitle2",
                  }
                }
                variant="body1"
              >
                <p
                  className="MuiTypography-root MuiTypography-body1"
                >
                  nekoさんの11月の勤務時間は、25.5時間です。
                </p>
              </ForwardRef(Typography)>
            </WithStyles(ForwardRef(Typography))>
          </div>
        </WorkTime__InformationWrapper>
      </div>
    </SummaryBase__BodyWrapper>
  </SummaryBase>
</WorkTime>
`;
