// Jest Snapshot v1, https://goo.gl/fbAQLP

exports[`molecule/Image/IllustCards molecule/Image/IllustCards-snapshot 1`] = `
<IllustCards>
  <IllustCards__Container>
    <div
      className="IllustCards__Container-sc-5w794l-0 brOCiL"
    >
      <IllustCard
        grayIsOnRight={true}
        imageUri="/images/storyset/schedule.svg"
        key="0"
        size={220}
        text="シフトを一覧で表示"
      >
        <IllustCard__Container>
          <div
            className="IllustCard__Container-sc-kwwpoh-0 jmtqCX"
          >
            <IllustCard__Background
              isGrayBg={false}
            >
              <div
                className="IllustCard__Background-sc-kwwpoh-1 jmkutW"
              >
                <WithStyles(ForwardRef(Typography))>
                  <ForwardRef(Typography)
                    classes={
                      Object {
                        "alignCenter": "MuiTypography-alignCenter",
                        "alignJustify": "MuiTypography-alignJustify",
                        "alignLeft": "MuiTypography-alignLeft",
                        "alignRight": "MuiTypography-alignRight",
                        "body1": "MuiTypography-body1",
                        "body2": "MuiTypography-body2",
                        "button": "MuiTypography-button",
                        "caption": "MuiTypography-caption",
                        "colorError": "MuiTypography-colorError",
                        "colorInherit": "MuiTypography-colorInherit",
                        "colorPrimary": "MuiTypography-colorPrimary",
                        "colorSecondary": "MuiTypography-colorSecondary",
                        "colorTextPrimary": "MuiTypography-colorTextPrimary",
                        "colorTextSecondary": "MuiTypography-colorTextSecondary",
                        "displayBlock": "MuiTypography-displayBlock",
                        "displayInline": "MuiTypography-displayInline",
                        "gutterBottom": "MuiTypography-gutterBottom",
                        "h1": "MuiTypography-h1",
                        "h2": "MuiTypography-h2",
                        "h3": "MuiTypography-h3",
                        "h4": "MuiTypography-h4",
                        "h5": "MuiTypography-h5",
                        "h6": "MuiTypography-h6",
                        "noWrap": "MuiTypography-noWrap",
                        "overline": "MuiTypography-overline",
                        "paragraph": "MuiTypography-paragraph",
                        "root": "MuiTypography-root",
                        "srOnly": "MuiTypography-srOnly",
                        "subtitle1": "MuiTypography-subtitle1",
                        "subtitle2": "MuiTypography-subtitle2",
                      }
                    }
                  >
                    <p
                      className="MuiTypography-root MuiTypography-body1"
                    >
                      シフトを一覧で表示
                    </p>
                  </ForwardRef(Typography)>
                </WithStyles(ForwardRef(Typography))>
              </div>
            </IllustCard__Background>
            <IllustCard__Background
              isGrayBg={true}
            >
              <div
                className="IllustCard__Background-sc-kwwpoh-1 cZXSYN"
              >
                <Image1
                  height={220}
                  src="/images/storyset/schedule.svg"
                  width={220}
                >
                  <div
                    style={
                      Object {
                        "boxSizing": "border-box",
                        "display": "inline-block",
                        "margin": 0,
                        "maxWidth": "100%",
                        "overflow": "hidden",
                        "position": "relative",
                      }
                    }
                  >
                    <div
                      style={
                        Object {
                          "boxSizing": "border-box",
                          "display": "block",
                          "maxWidth": "100%",
                        }
                      }
                    >
                      <img
                        alt=""
                        aria-hidden={true}
                        src="data:image/svg+xml;base64,PHN2ZyB3aWR0aD0iMjIwIiBoZWlnaHQ9IjIyMCIgeG1sbnM9Imh0dHA6Ly93d3cudzMub3JnLzIwMDAvc3ZnIiB2ZXJzaW9uPSIxLjEiLz4="
                        style={
                          Object {
                            "border": "none",
                            "display": "block",
                            "margin": 0,
                            "maxWidth": "100%",
                            "padding": 0,
                          }
                        }
                      />
                    </div>
                    <img
                      data-nimg="intrinsic"
                      decoding="async"
                      src="data:image/gif;base64,R0lGODlhAQABAIAAAAAAAP///yH5BAEAAAAALAAAAAABAAEAAAIBRAA7"
                      style={
                        Object {
                          "border": "none",
                          "bottom": 0,
                          "boxSizing": "border-box",
                          "display": "block",
                          "height": 0,
                          "left": 0,
                          "margin": "auto",
                          "maxHeight": "100%",
                          "maxWidth": "100%",
                          "minHeight": "100%",
                          "minWidth": "100%",
                          "objectFit": undefined,
                          "objectPosition": undefined,
                          "padding": 0,
                          "position": "absolute",
                          "right": 0,
                          "top": 0,
                          "width": 0,
                        }
                      }
                    />
                    <noscript>
                      <img
                        data-nimg="intrinsic"
                        decoding="async"
                        loading="lazy"
                        src="/_next/image?url=%2Fimages%2Fstoryset%2Fschedule.svg&w=640&q=75"
                        srcSet="/_next/image?url=%2Fimages%2Fstoryset%2Fschedule.svg&w=256&q=75 1x, /_next/image?url=%2Fimages%2Fstoryset%2Fschedule.svg&w=640&q=75 2x"
                        style={
                          Object {
                            "border": "none",
                            "bottom": 0,
                            "boxSizing": "border-box",
                            "display": "block",
                            "height": 0,
                            "left": 0,
                            "margin": "auto",
                            "maxHeight": "100%",
                            "maxWidth": "100%",
                            "minHeight": "100%",
                            "minWidth": "100%",
                            "objectFit": undefined,
                            "objectPosition": undefined,
                            "padding": 0,
                            "position": "absolute",
                            "right": 0,
                            "top": 0,
                            "width": 0,
                          }
                        }
                      />
                    </noscript>
                  </div>
                </Image1>
              </div>
            </IllustCard__Background>
          </div>
        </IllustCard__Container>
      </IllustCard>
      <IllustCard
        grayIsOnRight={false}
        imageUri="/images/storyset/cheff.svg"
        key="1"
        size={170}
        text="美味しいごはん"
      >
        <IllustCard__Container>
          <div
            className="IllustCard__Container-sc-kwwpoh-0 jmtqCX"
          >
            <IllustCard__Background
              isGrayBg={true}
            >
              <div
                className="IllustCard__Background-sc-kwwpoh-1 cZXSYN"
              >
                <Image1
                  height={170}
                  src="/images/storyset/cheff.svg"
                  width={170}
                >
                  <div
                    style={
                      Object {
                        "boxSizing": "border-box",
                        "display": "inline-block",
                        "margin": 0,
                        "maxWidth": "100%",
                        "overflow": "hidden",
                        "position": "relative",
                      }
                    }
                  >
                    <div
                      style={
                        Object {
                          "boxSizing": "border-box",
                          "display": "block",
                          "maxWidth": "100%",
                        }
                      }
                    >
                      <img
                        alt=""
                        aria-hidden={true}
                        src="data:image/svg+xml;base64,PHN2ZyB3aWR0aD0iMTcwIiBoZWlnaHQ9IjE3MCIgeG1sbnM9Imh0dHA6Ly93d3cudzMub3JnLzIwMDAvc3ZnIiB2ZXJzaW9uPSIxLjEiLz4="
                        style={
                          Object {
                            "border": "none",
                            "display": "block",
                            "margin": 0,
                            "maxWidth": "100%",
                            "padding": 0,
                          }
                        }
                      />
                    </div>
                    <img
                      data-nimg="intrinsic"
                      decoding="async"
                      src="data:image/gif;base64,R0lGODlhAQABAIAAAAAAAP///yH5BAEAAAAALAAAAAABAAEAAAIBRAA7"
                      style={
                        Object {
                          "border": "none",
                          "bottom": 0,
                          "boxSizing": "border-box",
                          "display": "block",
                          "height": 0,
                          "left": 0,
                          "margin": "auto",
                          "maxHeight": "100%",
                          "maxWidth": "100%",
                          "minHeight": "100%",
                          "minWidth": "100%",
                          "objectFit": undefined,
                          "objectPosition": undefined,
                          "padding": 0,
                          "position": "absolute",
                          "right": 0,
                          "top": 0,
                          "width": 0,
                        }
                      }
                    />
                    <noscript>
                      <img
                        data-nimg="intrinsic"
                        decoding="async"
                        loading="lazy"
                        src="/_next/image?url=%2Fimages%2Fstoryset%2Fcheff.svg&w=384&q=75"
                        srcSet="/_next/image?url=%2Fimages%2Fstoryset%2Fcheff.svg&w=256&q=75 1x, /_next/image?url=%2Fimages%2Fstoryset%2Fcheff.svg&w=384&q=75 2x"
                        style={
                          Object {
                            "border": "none",
                            "bottom": 0,
                            "boxSizing": "border-box",
                            "display": "block",
                            "height": 0,
                            "left": 0,
                            "margin": "auto",
                            "maxHeight": "100%",
                            "maxWidth": "100%",
                            "minHeight": "100%",
                            "minWidth": "100%",
                            "objectFit": undefined,
                            "objectPosition": undefined,
                            "padding": 0,
                            "position": "absolute",
                            "right": 0,
                            "top": 0,
                            "width": 0,
                          }
                        }
                      />
                    </noscript>
                  </div>
                </Image1>
              </div>
            </IllustCard__Background>
            <IllustCard__Background
              isGrayBg={false}
            >
              <div
                className="IllustCard__Background-sc-kwwpoh-1 jmkutW"
              >
                <WithStyles(ForwardRef(Typography))>
                  <ForwardRef(Typography)
                    classes={
                      Object {
                        "alignCenter": "MuiTypography-alignCenter",
                        "alignJustify": "MuiTypography-alignJustify",
                        "alignLeft": "MuiTypography-alignLeft",
                        "alignRight": "MuiTypography-alignRight",
                        "body1": "MuiTypography-body1",
                        "body2": "MuiTypography-body2",
                        "button": "MuiTypography-button",
                        "caption": "MuiTypography-caption",
                        "colorError": "MuiTypography-colorError",
                        "colorInherit": "MuiTypography-colorInherit",
                        "colorPrimary": "MuiTypography-colorPrimary",
                        "colorSecondary": "MuiTypography-colorSecondary",
                        "colorTextPrimary": "MuiTypography-colorTextPrimary",
                        "colorTextSecondary": "MuiTypography-colorTextSecondary",
                        "displayBlock": "MuiTypography-displayBlock",
                        "displayInline": "MuiTypography-displayInline",
                        "gutterBottom": "MuiTypography-gutterBottom",
                        "h1": "MuiTypography-h1",
                        "h2": "MuiTypography-h2",
                        "h3": "MuiTypography-h3",
                        "h4": "MuiTypography-h4",
                        "h5": "MuiTypography-h5",
                        "h6": "MuiTypography-h6",
                        "noWrap": "MuiTypography-noWrap",
                        "overline": "MuiTypography-overline",
                        "paragraph": "MuiTypography-paragraph",
                        "root": "MuiTypography-root",
                        "srOnly": "MuiTypography-srOnly",
                        "subtitle1": "MuiTypography-subtitle1",
                        "subtitle2": "MuiTypography-subtitle2",
                      }
                    }
                  >
                    <p
                      className="MuiTypography-root MuiTypography-body1"
                    >
                      美味しいごはん
                    </p>
                  </ForwardRef(Typography)>
                </WithStyles(ForwardRef(Typography))>
              </div>
            </IllustCard__Background>
          </div>
        </IllustCard__Container>
      </IllustCard>
      <IllustCard
        grayIsOnRight={true}
        imageUri="/images/storyset/mobile.svg"
        key="2"
        size={170}
        text="スマホで登録"
      >
        <IllustCard__Container>
          <div
            className="IllustCard__Container-sc-kwwpoh-0 jmtqCX"
          >
            <IllustCard__Background
              isGrayBg={false}
            >
              <div
                className="IllustCard__Background-sc-kwwpoh-1 jmkutW"
              >
                <WithStyles(ForwardRef(Typography))>
                  <ForwardRef(Typography)
                    classes={
                      Object {
                        "alignCenter": "MuiTypography-alignCenter",
                        "alignJustify": "MuiTypography-alignJustify",
                        "alignLeft": "MuiTypography-alignLeft",
                        "alignRight": "MuiTypography-alignRight",
                        "body1": "MuiTypography-body1",
                        "body2": "MuiTypography-body2",
                        "button": "MuiTypography-button",
                        "caption": "MuiTypography-caption",
                        "colorError": "MuiTypography-colorError",
                        "colorInherit": "MuiTypography-colorInherit",
                        "colorPrimary": "MuiTypography-colorPrimary",
                        "colorSecondary": "MuiTypography-colorSecondary",
                        "colorTextPrimary": "MuiTypography-colorTextPrimary",
                        "colorTextSecondary": "MuiTypography-colorTextSecondary",
                        "displayBlock": "MuiTypography-displayBlock",
                        "displayInline": "MuiTypography-displayInline",
                        "gutterBottom": "MuiTypography-gutterBottom",
                        "h1": "MuiTypography-h1",
                        "h2": "MuiTypography-h2",
                        "h3": "MuiTypography-h3",
                        "h4": "MuiTypography-h4",
                        "h5": "MuiTypography-h5",
                        "h6": "MuiTypography-h6",
                        "noWrap": "MuiTypography-noWrap",
                        "overline": "MuiTypography-overline",
                        "paragraph": "MuiTypography-paragraph",
                        "root": "MuiTypography-root",
                        "srOnly": "MuiTypography-srOnly",
                        "subtitle1": "MuiTypography-subtitle1",
                        "subtitle2": "MuiTypography-subtitle2",
                      }
                    }
                  >
                    <p
                      className="MuiTypography-root MuiTypography-body1"
                    >
                      スマホで登録
                    </p>
                  </ForwardRef(Typography)>
                </WithStyles(ForwardRef(Typography))>
              </div>
            </IllustCard__Background>
            <IllustCard__Background
              isGrayBg={true}
            >
              <div
                className="IllustCard__Background-sc-kwwpoh-1 cZXSYN"
              >
                <Image1
                  height={170}
                  src="/images/storyset/mobile.svg"
                  width={170}
                >
                  <div
                    style={
                      Object {
                        "boxSizing": "border-box",
                        "display": "inline-block",
                        "margin": 0,
                        "maxWidth": "100%",
                        "overflow": "hidden",
                        "position": "relative",
                      }
                    }
                  >
                    <div
                      style={
                        Object {
                          "boxSizing": "border-box",
                          "display": "block",
                          "maxWidth": "100%",
                        }
                      }
                    >
                      <img
                        alt=""
                        aria-hidden={true}
                        src="data:image/svg+xml;base64,PHN2ZyB3aWR0aD0iMTcwIiBoZWlnaHQ9IjE3MCIgeG1sbnM9Imh0dHA6Ly93d3cudzMub3JnLzIwMDAvc3ZnIiB2ZXJzaW9uPSIxLjEiLz4="
                        style={
                          Object {
                            "border": "none",
                            "display": "block",
                            "margin": 0,
                            "maxWidth": "100%",
                            "padding": 0,
                          }
                        }
                      />
                    </div>
                    <img
                      data-nimg="intrinsic"
                      decoding="async"
                      src="data:image/gif;base64,R0lGODlhAQABAIAAAAAAAP///yH5BAEAAAAALAAAAAABAAEAAAIBRAA7"
                      style={
                        Object {
                          "border": "none",
                          "bottom": 0,
                          "boxSizing": "border-box",
                          "display": "block",
                          "height": 0,
                          "left": 0,
                          "margin": "auto",
                          "maxHeight": "100%",
                          "maxWidth": "100%",
                          "minHeight": "100%",
                          "minWidth": "100%",
                          "objectFit": undefined,
                          "objectPosition": undefined,
                          "padding": 0,
                          "position": "absolute",
                          "right": 0,
                          "top": 0,
                          "width": 0,
                        }
                      }
                    />
                    <noscript>
                      <img
                        data-nimg="intrinsic"
                        decoding="async"
                        loading="lazy"
                        src="/_next/image?url=%2Fimages%2Fstoryset%2Fmobile.svg&w=384&q=75"
                        srcSet="/_next/image?url=%2Fimages%2Fstoryset%2Fmobile.svg&w=256&q=75 1x, /_next/image?url=%2Fimages%2Fstoryset%2Fmobile.svg&w=384&q=75 2x"
                        style={
                          Object {
                            "border": "none",
                            "bottom": 0,
                            "boxSizing": "border-box",
                            "display": "block",
                            "height": 0,
                            "left": 0,
                            "margin": "auto",
                            "maxHeight": "100%",
                            "maxWidth": "100%",
                            "minHeight": "100%",
                            "minWidth": "100%",
                            "objectFit": undefined,
                            "objectPosition": undefined,
                            "padding": 0,
                            "position": "absolute",
                            "right": 0,
                            "top": 0,
                            "width": 0,
                          }
                        }
                      />
                    </noscript>
                  </div>
                </Image1>
              </div>
            </IllustCard__Background>
          </div>
        </IllustCard__Container>
      </IllustCard>
    </div>
  </IllustCards__Container>
</IllustCards>
`;
