// Jest Snapshot v1, https://goo.gl/fbAQLP

exports[`Footer-snapshot 1`] = `
<Footer>
  <Footer__Container>
    <div
      className="Footer__Container-sc-1vgysp-0 SQfNP"
    >
      <Footer__Urls>
        <div
          className="Footer__Urls-sc-1vgysp-1 dthWgl"
        >
          <SlashLink
            links={
              Array [
                Object {
                  "rel": "noopener",
                  "text": "よくある質問",
                  "url": "http://www.google.com",
                },
                Object {
                  "rel": "noopener",
                  "text": "お問い合わせ",
                  "url": "http://www.google.com",
                },
                Object {
                  "rel": "noopener",
                  "text": "Illustrations by Storyset.",
                  "url": "https://storyset.com/work",
                },
              ]
            }
          >
            <SlashLink__Container>
              <div
                className="SlashLink__Container-sc-12n56qr-0 VxvwU"
              >
                <SlashLink__UrlLink
                  href="http://www.google.com"
                  key="0"
                  rel="noopener"
                >
                  <a
                    className="SlashLink__UrlLink-sc-12n56qr-1 gBDHey"
                    href="http://www.google.com"
                    rel="noopener"
                  >
                    よくある質問
                  </a>
                </SlashLink__UrlLink>
                <SlashLink__UrlLink
                  href="http://www.google.com"
                  key="1"
                  rel="noopener"
                >
                  <a
                    className="SlashLink__UrlLink-sc-12n56qr-1 gBDHey"
                    href="http://www.google.com"
                    rel="noopener"
                  >
                    お問い合わせ
                  </a>
                </SlashLink__UrlLink>
                <SlashLink__UrlLink
                  href="https://storyset.com/work"
                  key="2"
                  rel="noopener"
                >
                  <a
                    className="SlashLink__UrlLink-sc-12n56qr-1 gBDHey"
                    href="https://storyset.com/work"
                    rel="noopener"
                  >
                    Illustrations by Storyset.
                  </a>
                </SlashLink__UrlLink>
              </div>
            </SlashLink__Container>
          </SlashLink>
        </div>
      </Footer__Urls>
      <Footer__CopyRight
        variant="caption"
      >
        <WithStyles(ForwardRef(Typography))
          className="Footer__CopyRight-sc-1vgysp-2 guojfR"
          variant="caption"
        >
          <ForwardRef(Typography)
            className="Footer__CopyRight-sc-1vgysp-2 guojfR"
            classes={
              Object {
                "alignCenter": "MuiTypography-alignCenter",
                "alignJustify": "MuiTypography-alignJustify",
                "alignLeft": "MuiTypography-alignLeft",
                "alignRight": "MuiTypography-alignRight",
                "body1": "MuiTypography-body1",
                "body2": "MuiTypography-body2",
                "button": "MuiTypography-button",
                "caption": "MuiTypography-caption",
                "colorError": "MuiTypography-colorError",
                "colorInherit": "MuiTypography-colorInherit",
                "colorPrimary": "MuiTypography-colorPrimary",
                "colorSecondary": "MuiTypography-colorSecondary",
                "colorTextPrimary": "MuiTypography-colorTextPrimary",
                "colorTextSecondary": "MuiTypography-colorTextSecondary",
                "displayBlock": "MuiTypography-displayBlock",
                "displayInline": "MuiTypography-displayInline",
                "gutterBottom": "MuiTypography-gutterBottom",
                "h1": "MuiTypography-h1",
                "h2": "MuiTypography-h2",
                "h3": "MuiTypography-h3",
                "h4": "MuiTypography-h4",
                "h5": "MuiTypography-h5",
                "h6": "MuiTypography-h6",
                "noWrap": "MuiTypography-noWrap",
                "overline": "MuiTypography-overline",
                "paragraph": "MuiTypography-paragraph",
                "root": "MuiTypography-root",
                "srOnly": "MuiTypography-srOnly",
                "subtitle1": "MuiTypography-subtitle1",
                "subtitle2": "MuiTypography-subtitle2",
              }
            }
            variant="caption"
          >
            <span
              className="MuiTypography-root Footer__CopyRight-sc-1vgysp-2 guojfR MuiTypography-caption"
            >
              ©2021 YPS Team.
            </span>
          </ForwardRef(Typography)>
        </WithStyles(ForwardRef(Typography))>
      </Footer__CopyRight>
    </div>
  </Footer__Container>
</Footer>
`;
