// Jest Snapshot v1, https://goo.gl/fbAQLP

exports[`molecule/Summary/Suspend molecule/Summary/Suspend-snapshot 1`] = `
<Suspend
  imageUrl="imageUrl.jpg"
  month="11"
  name="neko"
  time={25.5}
>
  <SummaryBase>
    <Heading
      icon={
        <Memo
          style={
            Object {
              "color": "#444",
            }
          }
        />
      }
      link="here"
      type="sub"
      underline={true}
    >
      <Heading__Container
        onClick={[Function]}
      >
        <div
          className="Heading__Container-sc-rckheo-0 bXDSND"
          onClick={[Function]}
        >
          <ForwardRef(ErrorOutlineIcon)
            style={
              Object {
                "color": "#444",
              }
            }
          >
            <WithStyles(ForwardRef(SvgIcon))
              style={
                Object {
                  "color": "#444",
                }
              }
            >
              <ForwardRef(SvgIcon)
                classes={
                  Object {
                    "colorAction": "MuiSvgIcon-colorAction",
                    "colorDisabled": "MuiSvgIcon-colorDisabled",
                    "colorError": "MuiSvgIcon-colorError",
                    "colorPrimary": "MuiSvgIcon-colorPrimary",
                    "colorSecondary": "MuiSvgIcon-colorSecondary",
                    "fontSizeInherit": "MuiSvgIcon-fontSizeInherit",
                    "fontSizeLarge": "MuiSvgIcon-fontSizeLarge",
                    "fontSizeSmall": "MuiSvgIcon-fontSizeSmall",
                    "root": "MuiSvgIcon-root",
                  }
                }
                style={
                  Object {
                    "color": "#444",
                  }
                }
              >
                <svg
                  aria-hidden={true}
                  className="MuiSvgIcon-root"
                  focusable="false"
                  style={
                    Object {
                      "color": "#444",
                    }
                  }
                  viewBox="0 0 24 24"
                >
                  <path
                    d="M11 15h2v2h-2zm0-8h2v6h-2zm.99-5C6.47 2 2 6.48 2 12s4.47 10 9.99 10C17.52 22 22 17.52 22 12S17.52 2 11.99 2zM12 20c-4.42 0-8-3.58-8-8s3.58-8 8-8 8 3.58 8 8-3.58 8-8 8z"
                  />
                </svg>
              </ForwardRef(SvgIcon)>
            </WithStyles(ForwardRef(SvgIcon))>
          </ForwardRef(ErrorOutlineIcon)>
          <Heading__Header>
            <div
              className="Heading__Header-sc-rckheo-1 hqhBgV"
            >
              <Heading__HeaderWrapper>
                <div
                  className="Heading__HeaderWrapper-sc-rckheo-2 eZZEfS"
                >
                  <Heading__sub
                    variant="h2"
                  >
                    <WithStyles(ForwardRef(Typography))
                      className="Heading__sub-sc-rckheo-4 dvGqje"
                      variant="h2"
                    >
                      <ForwardRef(Typography)
                        className="Heading__sub-sc-rckheo-4 dvGqje"
                        classes={
                          Object {
                            "alignCenter": "MuiTypography-alignCenter",
                            "alignJustify": "MuiTypography-alignJustify",
                            "alignLeft": "MuiTypography-alignLeft",
                            "alignRight": "MuiTypography-alignRight",
                            "body1": "MuiTypography-body1",
                            "body2": "MuiTypography-body2",
                            "button": "MuiTypography-button",
                            "caption": "MuiTypography-caption",
                            "colorError": "MuiTypography-colorError",
                            "colorInherit": "MuiTypography-colorInherit",
                            "colorPrimary": "MuiTypography-colorPrimary",
                            "colorSecondary": "MuiTypography-colorSecondary",
                            "colorTextPrimary": "MuiTypography-colorTextPrimary",
                            "colorTextSecondary": "MuiTypography-colorTextSecondary",
                            "displayBlock": "MuiTypography-displayBlock",
                            "displayInline": "MuiTypography-displayInline",
                            "gutterBottom": "MuiTypography-gutterBottom",
                            "h1": "MuiTypography-h1",
                            "h2": "MuiTypography-h2",
                            "h3": "MuiTypography-h3",
                            "h4": "MuiTypography-h4",
                            "h5": "MuiTypography-h5",
                            "h6": "MuiTypography-h6",
                            "noWrap": "MuiTypography-noWrap",
                            "overline": "MuiTypography-overline",
                            "paragraph": "MuiTypography-paragraph",
                            "root": "MuiTypography-root",
                            "srOnly": "MuiTypography-srOnly",
                            "subtitle1": "MuiTypography-subtitle1",
                            "subtitle2": "MuiTypography-subtitle2",
                          }
                        }
                        variant="h2"
                      >
                        <h2
                          className="MuiTypography-root Heading__sub-sc-rckheo-4 dvGqje MuiTypography-h2"
                        >
                          承認待ち
                        </h2>
                      </ForwardRef(Typography)>
                    </WithStyles(ForwardRef(Typography))>
                  </Heading__sub>
                  <Heading__LinkIcon>
                    <ForwardRef(LinkIcon)
                      className="Heading__LinkIcon-sc-rckheo-3 dzawVR"
                    >
                      <WithStyles(ForwardRef(SvgIcon))
                        className="Heading__LinkIcon-sc-rckheo-3 dzawVR"
                      >
                        <ForwardRef(SvgIcon)
                          className="Heading__LinkIcon-sc-rckheo-3 dzawVR"
                          classes={
                            Object {
                              "colorAction": "MuiSvgIcon-colorAction",
                              "colorDisabled": "MuiSvgIcon-colorDisabled",
                              "colorError": "MuiSvgIcon-colorError",
                              "colorPrimary": "MuiSvgIcon-colorPrimary",
                              "colorSecondary": "MuiSvgIcon-colorSecondary",
                              "fontSizeInherit": "MuiSvgIcon-fontSizeInherit",
                              "fontSizeLarge": "MuiSvgIcon-fontSizeLarge",
                              "fontSizeSmall": "MuiSvgIcon-fontSizeSmall",
                              "root": "MuiSvgIcon-root",
                            }
                          }
                        >
                          <svg
                            aria-hidden={true}
                            className="MuiSvgIcon-root Heading__LinkIcon-sc-rckheo-3 dzawVR"
                            focusable="false"
                            viewBox="0 0 24 24"
                          >
                            <path
                              d="M3.9 12c0-1.71 1.39-3.1 3.1-3.1h4V7H7c-2.76 0-5 2.24-5 5s2.24 5 5 5h4v-1.9H7c-1.71 0-3.1-1.39-3.1-3.1zM8 13h8v-2H8v2zm9-6h-4v1.9h4c1.71 0 3.1 1.39 3.1 3.1s-1.39 3.1-3.1 3.1h-4V17h4c2.76 0 5-2.24 5-5s-2.24-5-5-5z"
                            />
                          </svg>
                        </ForwardRef(SvgIcon)>
                      </WithStyles(ForwardRef(SvgIcon))>
                    </ForwardRef(LinkIcon)>
                  </Heading__LinkIcon>
                </div>
              </Heading__HeaderWrapper>
              <div>
                <Heading__sub>
                  <div
                    className="Heading__sub-sc-rckheo-6 iLukkP"
                  />
                </Heading__sub>
              </div>
            </div>
          </Heading__Header>
        </div>
      </Heading__Container>
    </Heading>
    <SummaryBase__BodyWrapper>
      <div
        className="SummaryBase__BodyWrapper-sc-1cf03ap-0 eenhen"
      >
        <Suspend__Body>
          <div
            className="Suspend__Body-sc-j7np1b-0"
          >
            <div>
              <span>
                直近5件の承認申請が表示されます。
              </span>
              <Note>
                <WithStyles(ForwardRef(Tooltip))
                  title="もっと見るにはクリック！"
                >
                  <ForwardRef(Tooltip)
                    classes={
                      Object {
                        "arrow": "MuiTooltip-arrow",
                        "popper": "MuiTooltip-popper",
                        "popperArrow": "MuiTooltip-popperArrow",
                        "popperInteractive": "MuiTooltip-popperInteractive",
                        "tooltip": "MuiTooltip-tooltip",
                        "tooltipArrow": "MuiTooltip-tooltipArrow",
                        "tooltipPlacementBottom": "MuiTooltip-tooltipPlacementBottom",
                        "tooltipPlacementLeft": "MuiTooltip-tooltipPlacementLeft",
                        "tooltipPlacementRight": "MuiTooltip-tooltipPlacementRight",
                        "tooltipPlacementTop": "MuiTooltip-tooltipPlacementTop",
                        "touch": "MuiTooltip-touch",
                      }
                    }
                    title="もっと見るにはクリック！"
                  >
                    <Note__StyledIconButton
                      aria-describedby={null}
                      className=""
                      disableRipple={true}
                      onBlur={[Function]}
                      onFocus={[Function]}
                      onMouseLeave={[Function]}
                      onMouseOver={[Function]}
                      onTouchEnd={[Function]}
                      onTouchStart={[Function]}
                      style={
                        Object {
                          "backgroundColor": "transparent",
                        }
                      }
                      title="もっと見るにはクリック！"
                    >
                      <WithStyles(ForwardRef(IconButton))
                        aria-describedby={null}
                        className="Note__StyledIconButton-sc-hp5f89-0 dlxIld"
                        disableRipple={true}
                        onBlur={[Function]}
                        onFocus={[Function]}
                        onMouseLeave={[Function]}
                        onMouseOver={[Function]}
                        onTouchEnd={[Function]}
                        onTouchStart={[Function]}
                        style={
                          Object {
                            "backgroundColor": "transparent",
                          }
                        }
                        title="もっと見るにはクリック！"
                      >
                        <ForwardRef(IconButton)
                          aria-describedby={null}
                          className="Note__StyledIconButton-sc-hp5f89-0 dlxIld"
                          classes={
                            Object {
                              "colorInherit": "MuiIconButton-colorInherit",
                              "colorPrimary": "MuiIconButton-colorPrimary",
                              "colorSecondary": "MuiIconButton-colorSecondary",
                              "disabled": "Mui-disabled",
                              "edgeEnd": "MuiIconButton-edgeEnd",
                              "edgeStart": "MuiIconButton-edgeStart",
                              "label": "MuiIconButton-label",
                              "root": "MuiIconButton-root",
                              "sizeSmall": "MuiIconButton-sizeSmall",
                            }
                          }
                          disableRipple={true}
                          onBlur={[Function]}
                          onFocus={[Function]}
                          onMouseLeave={[Function]}
                          onMouseOver={[Function]}
                          onTouchEnd={[Function]}
                          onTouchStart={[Function]}
                          style={
                            Object {
                              "backgroundColor": "transparent",
                            }
                          }
                          title="もっと見るにはクリック！"
                        >
                          <WithStyles(ForwardRef(ButtonBase))
                            aria-describedby={null}
                            centerRipple={true}
                            className="MuiIconButton-root Note__StyledIconButton-sc-hp5f89-0 dlxIld"
                            disableRipple={true}
                            disabled={false}
                            focusRipple={true}
                            onBlur={[Function]}
                            onFocus={[Function]}
                            onMouseLeave={[Function]}
                            onMouseOver={[Function]}
                            onTouchEnd={[Function]}
                            onTouchStart={[Function]}
                            style={
                              Object {
                                "backgroundColor": "transparent",
                              }
                            }
                            title="もっと見るにはクリック！"
                          >
                            <ForwardRef(ButtonBase)
                              aria-describedby={null}
                              centerRipple={true}
                              className="MuiIconButton-root Note__StyledIconButton-sc-hp5f89-0 dlxIld"
                              classes={
                                Object {
                                  "disabled": "Mui-disabled",
                                  "focusVisible": "Mui-focusVisible",
                                  "root": "MuiButtonBase-root",
                                }
                              }
                              disableRipple={true}
                              disabled={false}
                              focusRipple={true}
                              onBlur={[Function]}
                              onFocus={[Function]}
                              onMouseLeave={[Function]}
                              onMouseOver={[Function]}
                              onTouchEnd={[Function]}
                              onTouchStart={[Function]}
                              style={
                                Object {
                                  "backgroundColor": "transparent",
                                }
                              }
                              title="もっと見るにはクリック！"
                            >
                              <button
                                aria-describedby={null}
                                className="MuiButtonBase-root MuiIconButton-root Note__StyledIconButton-sc-hp5f89-0 dlxIld"
                                disabled={false}
                                onBlur={[Function]}
                                onDragLeave={[Function]}
                                onFocus={[Function]}
                                onKeyDown={[Function]}
                                onKeyUp={[Function]}
                                onMouseDown={[Function]}
                                onMouseLeave={[Function]}
                                onMouseOver={[Function]}
                                onMouseUp={[Function]}
                                onTouchEnd={[Function]}
                                onTouchMove={[Function]}
                                onTouchStart={[Function]}
                                style={
                                  Object {
                                    "backgroundColor": "transparent",
                                  }
                                }
                                tabIndex={0}
                                title="もっと見るにはクリック！"
                                type="button"
                              >
                                <span
                                  className="MuiIconButton-label"
                                >
                                  <ForwardRef(HelpOutlineOutlinedIcon)>
                                    <WithStyles(ForwardRef(SvgIcon))>
                                      <ForwardRef(SvgIcon)
                                        classes={
                                          Object {
                                            "colorAction": "MuiSvgIcon-colorAction",
                                            "colorDisabled": "MuiSvgIcon-colorDisabled",
                                            "colorError": "MuiSvgIcon-colorError",
                                            "colorPrimary": "MuiSvgIcon-colorPrimary",
                                            "colorSecondary": "MuiSvgIcon-colorSecondary",
                                            "fontSizeInherit": "MuiSvgIcon-fontSizeInherit",
                                            "fontSizeLarge": "MuiSvgIcon-fontSizeLarge",
                                            "fontSizeSmall": "MuiSvgIcon-fontSizeSmall",
                                            "root": "MuiSvgIcon-root",
                                          }
                                        }
                                      >
                                        <svg
                                          aria-hidden={true}
                                          className="MuiSvgIcon-root"
                                          focusable="false"
                                          viewBox="0 0 24 24"
                                        >
                                          <path
                                            d="M11 18h2v-2h-2v2zm1-16C6.48 2 2 6.48 2 12s4.48 10 10 10 10-4.48 10-10S17.52 2 12 2zm0 18c-4.41 0-8-3.59-8-8s3.59-8 8-8 8 3.59 8 8-3.59 8-8 8zm0-14c-2.21 0-4 1.79-4 4h2c0-1.1.9-2 2-2s2 .9 2 2c0 2-3 1.75-3 5h2c0-2.25 3-2.5 3-5 0-2.21-1.79-4-4-4z"
                                          />
                                        </svg>
                                      </ForwardRef(SvgIcon)>
                                    </WithStyles(ForwardRef(SvgIcon))>
                                  </ForwardRef(HelpOutlineOutlinedIcon)>
                                </span>
                              </button>
                            </ForwardRef(ButtonBase)>
                          </WithStyles(ForwardRef(ButtonBase))>
                        </ForwardRef(IconButton)>
                      </WithStyles(ForwardRef(IconButton))>
                    </Note__StyledIconButton>
                    <ForwardRef(Popper)
                      anchorEl={
                        <button
                          class="MuiButtonBase-root MuiIconButton-root Note__StyledIconButton-sc-hp5f89-0 dlxIld"
                          style="background-color: transparent;"
                          tabindex="0"
                          title="もっと見るにはクリック！"
                          type="button"
                        >
                          <span
                            class="MuiIconButton-label"
                          >
                            <svg
                              aria-hidden="true"
                              class="MuiSvgIcon-root"
                              focusable="false"
                              viewBox="0 0 24 24"
                            >
                              <path
                                d="M11 18h2v-2h-2v2zm1-16C6.48 2 2 6.48 2 12s4.48 10 10 10 10-4.48 10-10S17.52 2 12 2zm0 18c-4.41 0-8-3.59-8-8s3.59-8 8-8 8 3.59 8 8-3.59 8-8 8zm0-14c-2.21 0-4 1.79-4 4h2c0-1.1.9-2 2-2s2 .9 2 2c0 2-3 1.75-3 5h2c0-2.25 3-2.5 3-5 0-2.21-1.79-4-4-4z"
                              />
                            </svg>
                          </span>
                        </button>
                      }
                      className="MuiTooltip-popper"
                      id={null}
                      open={false}
                      placement="bottom"
                      popperOptions={
                        Object {
                          "modifiers": Object {
                            "arrow": Object {
                              "element": null,
                              "enabled": false,
                            },
                          },
                        }
                      }
                      transition={true}
                    />
                  </ForwardRef(Tooltip)>
                </WithStyles(ForwardRef(Tooltip))>
              </Note>
            </div>
          </div>
        </Suspend__Body>
      </div>
    </SummaryBase__BodyWrapper>
  </SummaryBase>
</Suspend>
`;
