// Jest Snapshot v1, https://goo.gl/fbAQLP

exports[`Component 1`] = `
<button>
  this is button
</button>
`;
